[root@ip-10-1-10-253 ~]# mysql -h udacity.cfqq9gzg1qyg.us-east-1.rds.amazonaws.com -P 3306 -u admin -p
Enter password:
Welcome to the MySQL monitor.  Commands end with ; or \g.
Your MySQL connection id is 26
Server version: 8.0.35 Source distribution

Copyright (c) 2000, 2024, Oracle and/or its affiliates.

Oracle is a registered trademark of Oracle Corporation and/or its
affiliates. Other names may be trademarks of their respective
owners.

Type 'help;' or '\h' for help. Type '\c' to clear the current input statement.

mysql> show database
    -> show databases;
ERROR 1064 (42000): You have an error in your SQL syntax; check the manual that corresponds to your MySQL server version for the right syntax to use near 'database
show databases' at line 1
mysql> show databases;
+--------------------+
| Database           |
+--------------------+
| information_schema |
| mysql              |
| performance_schema |
| sys                |
| udacity            |
+--------------------+
5 rows in set (0.01 sec)

mysql> USE udacity;
Database changed
mysql> SHOW TABALES;
ERROR 1064 (42000): You have an error in your SQL syntax; check the manual that corresponds to your MySQL server version for the right syntax to use near 'TABALES' at line 1
mysql> SHOW TABLES;
Empty set (0.00 sec)

mysql> CREATE TABLE user (
    ->     ->   id INT AUTO_INCREMENT PRIMARY KEY,
    ->     ->   email VARCHAR(100) NOT NULL
    ->     -> );
ERROR 1064 (42000): You have an error in your SQL syntax; check the manual that corresponds to your MySQL server version for the right syntax to use near '->   id INT AUTO_INCREMENT PRIMARY KEY,
    ->   email VARCHAR(100) NOT NULL
   ' at line 2
mysql> CREATE TABLE user (
    -> id INT AUTO_INCREMENT PRIMARY KEY,
    -> email VARCHAR(100) NOT NULL
    -> );
Query OK, 0 rows affected (0.11 sec)

mysql> show tables;
+-------------------+
| Tables_in_udacity |
+-------------------+
| user              |
+-------------------+
1 row in set (0.00 sec)

mysql> INSERT INTO user (email) VALUES ('johndoe@example.com');
Query OK, 1 row affected (0.02 sec)

mysql> select * from user
    -> ;
+----+---------------------+
| id | email               |
+----+---------------------+
|  1 | johndoe@example.com |
+----+---------------------+
1 row in set (0.00 sec)